// Jest Snapshot v1, https://goo.gl/fbAQLP

exports[`App Test Renders an App 1`] = `
<div
  className="App"
>
  <Header />
  <Main />
  <Footer />
</div>
`;
